// Jest Snapshot v1, https://goo.gl/fbAQLP

exports[`Testing <Bookmark/> Bookmark have rendered correctly 1`] = `
Object {
  "asFragment": [Function],
  "baseElement": <body>
    <div>
      <div
        class="photo-list row"
        style="overflow-y: scroll; overflow-x: hidden; height: calc(100vh - 8em); margin-top: 1em;"
      >
        <div
          class="pt-5 col-md-4"
        >
          <div
            class="card"
          >
            <img
              class="card-img-top"
              src="#"
              style="padding: 1.5em 1em 0px 1em;"
            />
            <div
              class="card-body"
            >
              <button
                class="btn btn-light"
                style="cursor: pointer; border: 1px solid black; opacity: 0.7;"
                type="button"
              >
                Remove it
              </button>
            </div>
          </div>
        </div>
        <div
          class="pt-5 col-md-4"
        >
          <div
            class="card"
          >
            <img
              class="card-img-top"
              src="#"
              style="padding: 1.5em 1em 0px 1em;"
            />
            <div
              class="card-body"
            >
              <button
                class="btn btn-light"
                style="cursor: pointer; border: 1px solid black; opacity: 0.7;"
                type="button"
              >
                Remove it
              </button>
            </div>
          </div>
        </div>
      </div>
    </div>
  </body>,
  "container": <div>
    <div
      class="photo-list row"
      style="overflow-y: scroll; overflow-x: hidden; height: calc(100vh - 8em); margin-top: 1em;"
    >
      <div
        class="pt-5 col-md-4"
      >
        <div
          class="card"
        >
          <img
            class="card-img-top"
            src="#"
            style="padding: 1.5em 1em 0px 1em;"
          />
          <div
            class="card-body"
          >
            <button
              class="btn btn-light"
              style="cursor: pointer; border: 1px solid black; opacity: 0.7;"
              type="button"
            >
              Remove it
            </button>
          </div>
        </div>
      </div>
      <div
        class="pt-5 col-md-4"
      >
        <div
          class="card"
        >
          <img
            class="card-img-top"
            src="#"
            style="padding: 1.5em 1em 0px 1em;"
          />
          <div
            class="card-body"
          >
            <button
              class="btn btn-light"
              style="cursor: pointer; border: 1px solid black; opacity: 0.7;"
              type="button"
            >
              Remove it
            </button>
          </div>
        </div>
      </div>
    </div>
  </div>,
  "debug": [Function],
  "findAllByAltText": [Function],
  "findAllByDisplayValue": [Function],
  "findAllByLabelText": [Function],
  "findAllByPlaceholderText": [Function],
  "findAllByRole": [Function],
  "findAllByTestId": [Function],
  "findAllByText": [Function],
  "findAllByTitle": [Function],
  "findByAltText": [Function],
  "findByDisplayValue": [Function],
  "findByLabelText": [Function],
  "findByPlaceholderText": [Function],
  "findByRole": [Function],
  "findByTestId": [Function],
  "findByText": [Function],
  "findByTitle": [Function],
  "getAllByAltText": [Function],
  "getAllByDisplayValue": [Function],
  "getAllByLabelText": [Function],
  "getAllByPlaceholderText": [Function],
  "getAllByRole": [Function],
  "getAllByTestId": [Function],
  "getAllByText": [Function],
  "getAllByTitle": [Function],
  "getByAltText": [Function],
  "getByDisplayValue": [Function],
  "getByLabelText": [Function],
  "getByPlaceholderText": [Function],
  "getByRole": [Function],
  "getByTestId": [Function],
  "getByText": [Function],
  "getByTitle": [Function],
  "queryAllByAltText": [Function],
  "queryAllByDisplayValue": [Function],
  "queryAllByLabelText": [Function],
  "queryAllByPlaceholderText": [Function],
  "queryAllByRole": [Function],
  "queryAllByTestId": [Function],
  "queryAllByText": [Function],
  "queryAllByTitle": [Function],
  "queryByAltText": [Function],
  "queryByDisplayValue": [Function],
  "queryByLabelText": [Function],
  "queryByPlaceholderText": [Function],
  "queryByRole": [Function],
  "queryByTestId": [Function],
  "queryByText": [Function],
  "queryByTitle": [Function],
  "rerender": [Function],
  "unmount": [Function],
}
`;
