// Jest Snapshot v1, https://goo.gl/fbAQLP

exports[`Testing <Pages/> Pages have rendered correctly 1`] = `
Object {
  "asFragment": [Function],
  "baseElement": <body>
    <div>
      <div
        class="div"
      >
        <ul
          class="ml-auto pagination"
          style="font-size: 0.85rem;"
        >
          <li
            class="page-item"
          >
            <a
              class="page-link"
              href="#"
              role="button"
            >
              <span
                aria-hidden="true"
              >
                &lt;
                 Back
              </span>
              <span
                class="sr-only"
              >
                Previous
              </span>
            </a>
          </li>
          <li
            class="page-item"
          >
            <a
              class="page-link"
              href="#"
              role="button"
            >
              Page 
              1
               of 
              0
            </a>
          </li>
          <li
            class="page-item"
          >
            <a
              class="page-link"
              href="#"
              role="button"
            >
              <span
                aria-hidden="true"
              >
                Forward 
                &gt;
              </span>
              <span
                class="sr-only"
              >
                Next
              </span>
            </a>
          </li>
        </ul>
      </div>
    </div>
  </body>,
  "container": <div>
    <div
      class="div"
    >
      <ul
        class="ml-auto pagination"
        style="font-size: 0.85rem;"
      >
        <li
          class="page-item"
        >
          <a
            class="page-link"
            href="#"
            role="button"
          >
            <span
              aria-hidden="true"
            >
              &lt;
               Back
            </span>
            <span
              class="sr-only"
            >
              Previous
            </span>
          </a>
        </li>
        <li
          class="page-item"
        >
          <a
            class="page-link"
            href="#"
            role="button"
          >
            Page 
            1
             of 
            0
          </a>
        </li>
        <li
          class="page-item"
        >
          <a
            class="page-link"
            href="#"
            role="button"
          >
            <span
              aria-hidden="true"
            >
              Forward 
              &gt;
            </span>
            <span
              class="sr-only"
            >
              Next
            </span>
          </a>
        </li>
      </ul>
    </div>
  </div>,
  "debug": [Function],
  "findAllByAltText": [Function],
  "findAllByDisplayValue": [Function],
  "findAllByLabelText": [Function],
  "findAllByPlaceholderText": [Function],
  "findAllByRole": [Function],
  "findAllByTestId": [Function],
  "findAllByText": [Function],
  "findAllByTitle": [Function],
  "findByAltText": [Function],
  "findByDisplayValue": [Function],
  "findByLabelText": [Function],
  "findByPlaceholderText": [Function],
  "findByRole": [Function],
  "findByTestId": [Function],
  "findByText": [Function],
  "findByTitle": [Function],
  "getAllByAltText": [Function],
  "getAllByDisplayValue": [Function],
  "getAllByLabelText": [Function],
  "getAllByPlaceholderText": [Function],
  "getAllByRole": [Function],
  "getAllByTestId": [Function],
  "getAllByText": [Function],
  "getAllByTitle": [Function],
  "getByAltText": [Function],
  "getByDisplayValue": [Function],
  "getByLabelText": [Function],
  "getByPlaceholderText": [Function],
  "getByRole": [Function],
  "getByTestId": [Function],
  "getByText": [Function],
  "getByTitle": [Function],
  "queryAllByAltText": [Function],
  "queryAllByDisplayValue": [Function],
  "queryAllByLabelText": [Function],
  "queryAllByPlaceholderText": [Function],
  "queryAllByRole": [Function],
  "queryAllByTestId": [Function],
  "queryAllByText": [Function],
  "queryAllByTitle": [Function],
  "queryByAltText": [Function],
  "queryByDisplayValue": [Function],
  "queryByLabelText": [Function],
  "queryByPlaceholderText": [Function],
  "queryByRole": [Function],
  "queryByTestId": [Function],
  "queryByText": [Function],
  "queryByTitle": [Function],
  "rerender": [Function],
  "unmount": [Function],
}
`;
